[    0.000000] Linux version 4.15.0-55-generic (buildd@lcy01-amd64-029) (gcc version 7.4.0 (Ubuntu 7.4.0-1ubuntu1~18.04.1)) #60-Ubuntu SMP Tue Jul 2 18:22:20 UTC 2019 (Ubuntu 4.15.0-55.60-generic 4.15.18)
[    0.000000] Command line: BOOT_IMAGE=/boot/vmlinuz-4.15.0-55-generic root=LABEL=cloudimg-rootfs ro console=tty1 console=ttyS0
[    0.000000] KERNEL supported cpus:
[    0.000000]   Intel GenuineIntel
[    0.000000]   AMD AuthenticAMD
[    0.000000]   Centaur CentaurHauls
[    0.000000] x86/fpu: Supporting XSAVE feature 0x001: 'x87 floating point registers'
[    0.000000] x86/fpu: Supporting XSAVE feature 0x002: 'SSE registers'
[    0.000000] x86/fpu: Supporting XSAVE feature 0x004: 'AVX registers'
[    0.000000] x86/fpu: xstate_offset[2]:  576, xstate_sizes[2]:  256
[    0.000000] x86/fpu: Enabled xstate features 0x7, context size is 832 bytes, using 'standard' format.
[    0.000000] e820: BIOS-provided physical RAM map:
[    0.000000] BIOS-e820: [mem 0x0000000000000000-0x000000000009fbff] usable
[    0.000000] BIOS-e820: [mem 0x000000000009fc00-0x000000000009ffff] reserved
[    0.000000] BIOS-e820: [mem 0x00000000000f0000-0x00000000000fffff] reserved
[    0.000000] BIOS-e820: [mem 0x0000000000100000-0x000000003ffeffff] usable
[    0.000000] BIOS-e820: [mem 0x000000003fff0000-0x000000003fffffff] ACPI data
[    0.000000] BIOS-e820: [mem 0x00000000fec00000-0x00000000fec00fff] reserved
[    0.000000] BIOS-e820: [mem 0x00000000fee00000-0x00000000fee00fff] reserved
[    0.000000] BIOS-e820: [mem 0x00000000fffc0000-0x00000000ffffffff] reserved
[    0.000000] NX (Execute Disable) protection: active
[    0.000000] SMBIOS 2.5 present.
[    0.000000] DMI: innotek GmbH VirtualBox/VirtualBox, BIOS VirtualBox 12/01/2006
[    0.000000] Hypervisor detected: KVM
[    0.000000] e820: last_pfn = 0x3fff0 max_arch_pfn = 0x400000000
[    0.000000] MTRR: Disabled
[    0.000000] x86/PAT: MTRRs disabled, skipping PAT initialization too.
[    0.000000] CPU MTRRs all blank - virtualized system.
[    0.000000] x86/PAT: Configuration [0-7]: WB  WT  UC- UC  WB  WT  UC- UC  
[    0.000000] found SMP MP-table at [mem 0x0009fff0-0x0009ffff] mapped at [        (ptrval)]
[    0.000000] Scanning 1 areas for low memory corruption
[    0.000000] RAMDISK: [mem 0x3597f000-0x36cb6fff]
[    0.000000] ACPI: Early table checksum verification disabled
[    0.000000] ACPI: RSDP 0x00000000000E0000 000024 (v02 VBOX  )
[    0.000000] ACPI: XSDT 0x000000003FFF0030 00003C (v01 VBOX   VBOXXSDT 00000001 ASL  00000061)
[    0.000000] ACPI: FACP 0x000000003FFF00F0 0000F4 (v04 VBOX   VBOXFACP 00000001 ASL  00000061)
[    0.000000] ACPI: DSDT 0x000000003FFF0470 0022EA (v02 VBOX   VBOXBIOS 00000002 INTL 20100528)
[    0.000000] ACPI: FACS 0x000000003FFF0200 000040
[    0.000000] ACPI: FACS 0x000000003FFF0200 000040
[    0.000000] ACPI: APIC 0x000000003FFF0240 00005C (v02 VBOX   VBOXAPIC 00000001 ASL  00000061)
[    0.000000] ACPI: SSDT 0x000000003FFF02A0 0001CC (v01 VBOX   VBOXCPUT 00000002 INTL 20100528)
[    0.000000] No NUMA configuration found
[    0.000000] Faking a node at [mem 0x0000000000000000-0x000000003ffeffff]
[    0.000000] NODE_DATA(0) allocated [mem 0x3ffc5000-0x3ffeffff]
[    0.000000] kvm-clock: cpu 0, msr 0:3ff44001, primary cpu clock
[    0.000000] kvm-clock: Using msrs 4b564d01 and 4b564d00
[    0.000000] kvm-clock: using sched offset of 5106482476 cycles
[    0.000000] clocksource: kvm-clock: mask: 0xffffffffffffffff max_cycles: 0x1cd42e4dffb, max_idle_ns: 881590591483 ns
[    0.000000] Zone ranges:
[    0.000000]   DMA      [mem 0x0000000000001000-0x0000000000ffffff]
[    0.000000]   DMA32    [mem 0x0000000001000000-0x000000003ffeffff]
[    0.000000]   Normal   empty
[    0.000000]   Device   empty
[    0.000000] Movable zone start for each node
[    0.000000] Early memory node ranges
[    0.000000]   node   0: [mem 0x0000000000001000-0x000000000009efff]
[    0.000000]   node   0: [mem 0x0000000000100000-0x000000003ffeffff]
[    0.000000] Reserved but unavailable: 114 pages
[    0.000000] Initmem setup node 0 [mem 0x0000000000001000-0x000000003ffeffff]
[    0.000000] ACPI: PM-Timer IO Port: 0x4008
[    0.000000] IOAPIC[0]: apic_id 2, version 32, address 0xfec00000, GSI 0-23
[    0.000000] ACPI: INT_SRC_OVR (bus 0 bus_irq 0 global_irq 2 dfl dfl)
[    0.000000] ACPI: INT_SRC_OVR (bus 0 bus_irq 9 global_irq 9 low level)
[    0.000000] Using ACPI (MADT) for SMP configuration information
[    0.000000] smpboot: Allowing 2 CPUs, 0 hotplug CPUs
[    0.000000] PM: Registered nosave memory: [mem 0x00000000-0x00000fff]
[    0.000000] PM: Registered nosave memory: [mem 0x0009f000-0x0009ffff]
[    0.000000] PM: Registered nosave memory: [mem 0x000a0000-0x000effff]
[    0.000000] PM: Registered nosave memory: [mem 0x000f0000-0x000fffff]
[    0.000000] e820: [mem 0x40000000-0xfebfffff] available for PCI devices
[    0.000000] Booting paravirtualized kernel on KVM
[    0.000000] clocksource: refined-jiffies: mask: 0xffffffff max_cycles: 0xffffffff, max_idle_ns: 7645519600211568 ns
[    0.000000] random: get_random_bytes called from start_kernel+0x99/0x4fd with crng_init=0
[    0.000000] setup_percpu: NR_CPUS:8192 nr_cpumask_bits:2 nr_cpu_ids:2 nr_node_ids:1
[    0.000000] percpu: Embedded 46 pages/cpu @        (ptrval) s151552 r8192 d28672 u1048576
[    0.000000] PV qspinlock hash table entries: 256 (order: 0, 4096 bytes)
[    0.000000] Built 1 zonelists, mobility grouping on.  Total pages: 257913
[    0.000000] Policy zone: DMA32
[    0.000000] Kernel command line: BOOT_IMAGE=/boot/vmlinuz-4.15.0-55-generic root=LABEL=cloudimg-rootfs ro console=tty1 console=ttyS0
[    0.000000] Memory: 982904K/1048120K available (12300K kernel code, 2473K rwdata, 4276K rodata, 2408K init, 2416K bss, 65216K reserved, 0K cma-reserved)
[    0.000000] SLUB: HWalign=64, Order=0-3, MinObjects=0, CPUs=2, Nodes=1
[    0.000000] Kernel/User page tables isolation: enabled
[    0.000000] ftrace: allocating 39219 entries in 154 pages
[    0.004000] Hierarchical RCU implementation.
[    0.004000] 	RCU restricting CPUs from NR_CPUS=8192 to nr_cpu_ids=2.
[    0.004000] 	Tasks RCU enabled.
[    0.004000] RCU: Adjusting geometry for rcu_fanout_leaf=16, nr_cpu_ids=2
[    0.004000] NR_IRQS: 524544, nr_irqs: 440, preallocated irqs: 16
[    0.004000] Console: colour VGA+ 80x25
[    0.004000] console [tty1] enabled
[    0.004000] console [ttyS0] enabled
[    0.004000] ACPI: Core revision 20170831
[    0.004000] ACPI: 2 ACPI AML tables successfully acquired and loaded
[    0.004000] APIC: Switch to symmetric I/O mode setup
[    0.004000] x2apic enabled
[    0.004000] Switched APIC routing to physical x2apic.
[    0.005135] ..TIMER: vector=0x30 apic1=0 pin1=2 apic2=-1 pin2=-1
[    0.008003] tsc: Detected 2400.000 MHz processor
[    0.009347] Calibrating delay loop (skipped) preset value.. 4800.00 BogoMIPS (lpj=9600000)
[    0.012006] pid_max: default: 32768 minimum: 301
[    0.013265] Security Framework initialized
[    0.014355] Yama: becoming mindful.
[    0.015316] AppArmor: AppArmor initialized
[    0.018267] Dentry cache hash table entries: 131072 (order: 8, 1048576 bytes)
[    0.020080] Inode-cache hash table entries: 65536 (order: 7, 524288 bytes)
[    0.024022] Mount-cache hash table entries: 2048 (order: 2, 16384 bytes)
[    0.025973] Mountpoint-cache hash table entries: 2048 (order: 2, 16384 bytes)
[    0.028246] mce: CPU supports 0 MCE banks
[    0.029414] Last level iTLB entries: 4KB 1024, 2MB 1024, 4MB 1024
[    0.030985] Last level dTLB entries: 4KB 1024, 2MB 1024, 4MB 1024, 1GB 4
[    0.032009] Spectre V2 : Mitigation: Full generic retpoline
[    0.036005] Spectre V2 : Spectre v2 / SpectreRSB mitigation: Filling RSB on context switch
[    0.038702] Speculative Store Bypass: Vulnerable
[    0.040060] MDS: Mitigation: Clear CPU buffers
[    0.042297] Freeing SMP alternatives memory: 36K
[    0.048000] smpboot: CPU0: Intel(R) Core(TM) i5-4258U CPU @ 2.40GHz (family: 0x6, model: 0x45, stepping: 0x1)
[    0.048000] Performance Events: unsupported p6 CPU model 69 no PMU driver, software events only.
[    0.048055] Hierarchical SRCU implementation.
[    0.052339] NMI watchdog: Perf event create on CPU 0 failed with -2
[    0.054269] NMI watchdog: Perf NMI watchdog permanently disabled
[    0.056054] smp: Bringing up secondary CPUs ...
[    0.057345] x86: Booting SMP configuration:
[    0.059007] .... node  #0, CPUs:      #1
[    0.004000] kvm-clock: cpu 1, msr 0:3ff44041, secondary cpu clock
[    0.004000] mce: CPU supports 0 MCE banks
[    0.066016] smp: Brought up 1 node, 2 CPUs
[    0.068007] smpboot: Max logical packages: 1
[    0.069189] smpboot: Total of 2 processors activated (9600.00 BogoMIPS)
[    0.071185] devtmpfs: initialized
[    0.072055] x86/mm: Memory block size: 128MB
[    0.073392] evm: security.selinux
[    0.074767] evm: security.SMACK64
[    0.076005] evm: security.SMACK64EXEC
[    0.077282] evm: security.SMACK64TRANSMUTE
[    0.078887] evm: security.SMACK64MMAP
[    0.080004] evm: security.apparmor
[    0.080979] evm: security.ima
[    0.081907] evm: security.capability
[    0.084094] clocksource: jiffies: mask: 0xffffffff max_cycles: 0xffffffff, max_idle_ns: 7645041785100000 ns
[    0.086580] futex hash table entries: 512 (order: 3, 32768 bytes)
[    0.088060] pinctrl core: initialized pinctrl subsystem
[    0.092070] RTC time: 20:32:56, date: 09/12/19
[    0.093996] NET: Registered protocol family 16
[    0.095501] audit: initializing netlink subsys (disabled)
[    0.096040] audit: type=2000 audit(1568320382.602:1): state=initialized audit_enabled=0 res=1
[    0.100015] cpuidle: using governor ladder
[    0.101202] cpuidle: using governor menu
[    0.102320] ACPI: bus type PCI registered
[    0.104004] acpiphp: ACPI Hot Plug PCI Controller Driver version: 0.5
[    0.105858] PCI: Using configuration type 1 for base access
[    0.109018] HugeTLB registered 2.00 MiB page size, pre-allocated 0 pages
[    0.112100] ACPI: Added _OSI(Module Device)
[    0.113900] ACPI: Added _OSI(Processor Device)
[    0.116004] ACPI: Added _OSI(3.0 _SCP Extensions)
[    0.117307] ACPI: Added _OSI(Processor Aggregator Device)
[    0.118874] ACPI: Added _OSI(Linux-Dell-Video)
[    0.120003] ACPI: Added _OSI(Linux-Lenovo-NV-HDMI-Audio)
[    0.122124] ACPI: Added _OSI(Linux-HPI-Hybrid-Graphics)
[    0.124507] ACPI: Executed 1 blocks of module-level executable AML code
[    0.131419] ACPI: Interpreter enabled
[    0.132016] ACPI: (supports S0 S5)
[    0.132997] ACPI: Using IOAPIC for interrupt routing
[    0.134567] PCI: Using host bridge windows from ACPI; if necessary, use "pci=nocrs" and report a bug
[    0.136260] ACPI: Enabled 2 GPEs in block 00 to 07
[    0.148350] ACPI: PCI Root Bridge [PCI0] (domain 0000 [bus 00-ff])
[    0.150089] acpi PNP0A03:00: _OSC: OS supports [ASPM ClockPM Segments MSI]
[    0.152374] acpi PNP0A03:00: _OSC: not requesting OS control; OS requires [ExtendedConfig ASPM ClockPM MSI]
[    0.155311] acpi PNP0A03:00: fail to add MMCONFIG information, can't access extended PCI configuration space under this bridge.
[    0.156560] PCI host bridge to bus 0000:00
[    0.160005] pci_bus 0000:00: root bus resource [io  0x0000-0x0cf7 window]
[    0.162037] pci_bus 0000:00: root bus resource [io  0x0d00-0xffff window]
[    0.164005] pci_bus 0000:00: root bus resource [mem 0x000a0000-0x000bffff window]
[    0.166834] pci_bus 0000:00: root bus resource [mem 0x40000000-0xfdffffff window]
[    0.168005] pci_bus 0000:00: root bus resource [bus 00-ff]
[    0.175545] pci 0000:00:01.1: legacy IDE quirk: reg 0x10: [io  0x01f0-0x01f7]
[    0.176004] pci 0000:00:01.1: legacy IDE quirk: reg 0x14: [io  0x03f6]
[    0.178207] pci 0000:00:01.1: legacy IDE quirk: reg 0x18: [io  0x0170-0x0177]
[    0.180005] pci 0000:00:01.1: legacy IDE quirk: reg 0x1c: [io  0x0376]
[    0.209958] pci 0000:00:07.0: quirk: [io  0x4000-0x403f] claimed by PIIX4 ACPI
[    0.212038] pci 0000:00:07.0: quirk: [io  0x4100-0x410f] claimed by PIIX4 SMB
[    0.232086] ACPI: PCI Interrupt Link [LNKA] (IRQs 5 9 10 *11)
[    0.234276] ACPI: PCI Interrupt Link [LNKB] (IRQs 5 9 *10 11)
[    0.236110] ACPI: PCI Interrupt Link [LNKC] (IRQs 5 *9 10 11)
[    0.237880] ACPI: PCI Interrupt Link [LNKD] (IRQs 5 9 10 *11)
[    0.239893] SCSI subsystem initialized
[    0.240058] pci 0000:00:02.0: vgaarb: setting as boot VGA device
[    0.241867] pci 0000:00:02.0: vgaarb: VGA device added: decodes=io+mem,owns=io+mem,locks=none
[    0.244009] pci 0000:00:02.0: vgaarb: bridge control possible
[    0.245558] vgaarb: loaded
[    0.248042] ACPI: bus type USB registered
[    0.249136] usbcore: registered new interface driver usbfs
[    0.250889] usbcore: registered new interface driver hub
[    0.252026] usbcore: registered new device driver usb
[    0.253417] EDAC MC: Ver: 3.0.0
[    0.253417] PCI: Using ACPI for IRQ routing
[    0.256458] NetLabel: Initializing
[    0.257902] NetLabel:  domain hash size = 128
[    0.260003] NetLabel:  protocols = UNLABELED CIPSOv4 CALIPSO
[    0.261491] NetLabel:  unlabeled traffic allowed by default
[    0.263052] clocksource: Switched to clocksource kvm-clock
[    0.276327] VFS: Disk quotas dquot_6.6.0
[    0.277512] VFS: Dquot-cache hash table entries: 512 (order 0, 4096 bytes)
[    0.280099] AppArmor: AppArmor Filesystem Enabled
[    0.281517] pnp: PnP ACPI init
[    0.284327] pnp: PnP ACPI: found 3 devices
[    0.297916] clocksource: acpi_pm: mask: 0xffffff max_cycles: 0xffffff, max_idle_ns: 2085701024 ns
[    0.301306] NET: Registered protocol family 2
[    0.304983] TCP established hash table entries: 8192 (order: 4, 65536 bytes)
[    0.306915] TCP bind hash table entries: 8192 (order: 5, 131072 bytes)
[    0.308664] TCP: Hash tables configured (established 8192 bind 8192)
[    0.310335] UDP hash table entries: 512 (order: 2, 16384 bytes)
[    0.312221] UDP-Lite hash table entries: 512 (order: 2, 16384 bytes)
[    0.313940] NET: Registered protocol family 1
[    0.315128] pci 0000:00:00.0: Limiting direct PCI/PCI transfers
[    0.316732] pci 0000:00:01.0: Activating ISA DMA hang workarounds
[    0.318385] pci 0000:00:02.0: Video device with shadowed ROM at [mem 0x000c0000-0x000dffff]
[    0.321109] Unpacking initramfs...
[    0.721608] Freeing initrd memory: 19680K
[    0.722882] clocksource: tsc: mask: 0xffffffffffffffff max_cycles: 0x22983777dd9, max_idle_ns: 440795300422 ns
[    0.725978] platform rtc_cmos: registered platform RTC device (no PNP device found)
[    0.728432] Scanning for low memory corruption every 60 seconds
[    0.731322] Initialise system trusted keyrings
[    0.732638] Key type blacklist registered
[    0.733826] workingset: timestamp_bits=36 max_order=18 bucket_order=0
[    0.736974] zbud: loaded
[    0.738264] squashfs: version 4.0 (2009/01/31) Phillip Lougher
[    0.740908] fuse init (API version 7.26)
[    0.745527] Key type asymmetric registered
[    0.746759] Asymmetric key parser 'x509' registered
[    0.749523] Block layer SCSI generic (bsg) driver version 0.4 loaded (major 246)
[    0.752168] io scheduler noop registered
[    0.753300] io scheduler deadline registered
[    0.754467] io scheduler cfq registered (default)
[    0.756378] ACPI: AC Adapter [AC] (on-line)
[    0.757607] input: Power Button as /devices/LNXSYSTM:00/LNXPWRBN:00/input/input0
[    0.760138] ACPI: Power Button [PWRF]
[    0.761315] input: Sleep Button as /devices/LNXSYSTM:00/LNXSLPBN:00/input/input1
[    0.763344] ACPI: Sleep Button [SLPF]
[    0.766026] ACPI: Battery Slot [BAT0] (battery present)
[    0.767993] Serial: 8250/16550 driver, 32 ports, IRQ sharing enabled
[    0.791391] 00:02: ttyS0 at I/O 0x3f8 (irq = 4, base_baud = 115200) is a 16550A
[    0.797514] Linux agpgart interface v0.103
[    0.801575] loop: module loaded
[    0.803349] scsi host0: ata_piix
[    0.804465] scsi host1: ata_piix
[    0.805384] ata1: PATA max UDMA/33 cmd 0x1f0 ctl 0x3f6 bmdma 0xd000 irq 14
[    0.807388] ata2: PATA max UDMA/33 cmd 0x170 ctl 0x376 bmdma 0xd008 irq 15
[    0.809427] libphy: Fixed MDIO Bus: probed
[    0.810666] tun: Universal TUN/TAP device driver, 1.6
[    0.812518] PPP generic driver version 2.4.2
[    0.813842] ehci_hcd: USB 2.0 'Enhanced' Host Controller (EHCI) Driver
[    0.816180] ehci-pci: EHCI PCI platform driver
[    0.817535] ehci-platform: EHCI generic platform driver
[    0.818938] ohci_hcd: USB 1.1 'Open' Host Controller (OHCI) Driver
[    0.820580] ohci-pci: OHCI PCI platform driver
[    0.821770] ohci-platform: OHCI generic platform driver
[    0.823310] uhci_hcd: USB Universal Host Controller Interface driver
[    0.825509] i8042: PNP: PS/2 Controller [PNP0303:PS2K,PNP0f03:PS2M] at 0x60,0x64 irq 1,12
[    0.828263] serio: i8042 KBD port at 0x60,0x64 irq 1
[    0.829743] serio: i8042 AUX port at 0x60,0x64 irq 12
[    0.832117] mousedev: PS/2 mouse device common for all mice
[    0.835001] rtc_cmos rtc_cmos: rtc core: registered rtc_cmos as rtc0
[    0.836978] input: AT Translated Set 2 keyboard as /devices/platform/i8042/serio0/input/input2
[    0.839508] rtc_cmos rtc_cmos: alarms up to one day, 114 bytes nvram
[    0.841411] i2c /dev entries driver
[    0.842424] device-mapper: uevent: version 1.0.3
[    0.843765] device-mapper: ioctl: 4.37.0-ioctl (2017-09-20) initialised: dm-devel@redhat.com
[    0.846512] ledtrig-cpu: registered to indicate activity on CPUs
[    0.848968] NET: Registered protocol family 10
[    0.854150] Segment Routing with IPv6
[    0.856359] NET: Registered protocol family 17
[    0.857737] Key type dns_resolver registered
[    0.859317] RAS: Correctable Errors collector initialized.
[    0.860943] sched_clock: Marking stable (860920377, 0)->(1203420989, -342500612)
[    0.863712] registered taskstats version 1
[    0.865002] Loading compiled-in X.509 certificates
[    0.868958] Loaded X.509 cert 'Build time autogenerated kernel key: 2ed9c0a78927f1fed24db33f01fd983502d97350'
[    0.872182] zswap: loaded using pool lzo/zbud
[    0.877848] Key type big_key registered
[    0.879184] Key type trusted registered
[    0.882522] Key type encrypted registered
[    0.883793] AppArmor: AppArmor sha1 policy hashing enabled
[    0.885589] ima: No TPM chip found, activating TPM-bypass! (rc=-19)
[    0.887495] ima: Allocated hash algorithm: sha1
[    0.888893] evm: HMAC attrs: 0x1
[    0.890223]   Magic number: 3:520:548
[    0.891224] tty ttyS24: hash matches
[    0.892323] rtc_cmos rtc_cmos: setting system clock to 2019-09-12 20:32:57 UTC (1568320377)
[    0.894608] BIOS EDD facility v0.16 2004-Jun-25, 0 devices found
[    0.896478] EDD information not available.
[    0.976068] Freeing unused kernel image memory: 2408K
[    0.988094] Write protecting the kernel read-only data: 20480k
[    0.991607] Freeing unused kernel image memory: 2008K
[    0.993910] Freeing unused kernel image memory: 1868K
[    1.002745] x86/mm: Checked W+X mappings: passed, no W+X pages found.
[    1.004750] x86/mm: Checking user space page tables
[    1.012463] x86/mm: Checked W+X mappings: passed, no W+X pages found.
Loading, please wait...
starting version 237
[    1.095116] e1000: Intel(R) PRO/1000 Network Driver - version 7.3.21-k8-NAPI
[    1.097460] e1000: Copyright (c) 1999-2006 Intel Corporation.
[    1.110993] Fusion MPT base driver 3.04.20
[    1.112171] Copyright (c) 1999-2008 LSI Corporation
[    1.124571] Fusion MPT SPI Host driver 3.04.20
[    1.135540] AVX2 version of gcm_enc/dec engaged.
[    1.137158] AES CTR mode by8 optimization enabled
[    1.161509] vboxvideo: loading out-of-tree module taints kernel.
[    1.163411] vboxvideo: module verification failed: signature and/or required key missing - tainting kernel
[    1.336025] input: ImExPS/2 Generic Explorer Mouse as /devices/platform/i8042/serio1/input/input4
[    1.916430] e1000 0000:00:03.0 eth0: (PCI:33MHz:32-bit) 02:d7:32:1c:b3:7c
[    1.923145] e1000 0000:00:03.0 eth0: Intel(R) PRO/1000 Network Connection
[    1.935130] mptbase: ioc0: Initiating bringup
[    2.693896] ioc0: LSI53C1030 A0: Capabilities={Initiator}
[    4.061485] scsi host2: ioc0: LSI53C1030 A0, FwRev=00000000h, Ports=1, MaxQ=256, IRQ=20
[    4.572927] scsi 2:0:0:0: Direct-Access     VBOX     HARDDISK         1.0  PQ: 0 ANSI: 5
[    4.576912] [drm] VRAM 01000000
[    4.578228] [TTM] Zone  kernel: Available graphics memory: 504452 kiB
[    4.580113] [TTM] Initializing pool allocator
[    4.581352] [TTM] Initializing DMA pool allocator
[    4.584528] fbcon: vboxdrmfb (fb0) is primary device
[    4.586259] Console: switching to colour frame buffer device 100x37
[    4.592274] vboxvideo 0000:00:02.0: fb0: vboxdrmfb frame buffer device
[    4.612356] scsi target2:0:0: Beginning Domain Validation
[    4.612549] [drm] Initialized vboxvideo 1.0.0 20130823 for 0000:00:02.0 on minor 0
[    4.623042] scsi target2:0:0: Domain Validation skipping write tests
[    4.625019] scsi target2:0:0: Ending Domain Validation
[    4.626268] scsi target2:0:0: asynchronous
[    4.627939] scsi 2:0:1:0: Direct-Access     VBOX     HARDDISK         1.0  PQ: 0 ANSI: 5
[    4.656125] scsi target2:0:1: Beginning Domain Validation
[    4.659277] random: fast init done
[    4.660983] scsi target2:0:1: Domain Validation skipping write tests
[    4.663656] scsi target2:0:1: Ending Domain Validation
[    4.666056] scsi target2:0:1: asynchronous
[    4.676732] sd 2:0:0:0: Attached scsi generic sg0 type 0
[    4.678464] sd 2:0:1:0: Attached scsi generic sg1 type 0
[    4.680098] sd 2:0:0:0: [sda] 20971520 512-byte logical blocks: (10.7 GB/10.0 GiB)
[    4.681729] random: systemd-udevd: uninitialized urandom read (16 bytes read)
[    4.681753] random: systemd-udevd: uninitialized urandom read (16 bytes read)
[    4.681757] random: systemd-udevd: uninitialized urandom read (16 bytes read)
[    4.688867] sd 2:0:1:0: [sdb] 20480 512-byte logical blocks: (10.5 MB/10.0 MiB)
[    4.691947] sd 2:0:0:0: [sda] Write Protect is off
[    4.693958] sd 2:0:1:0: [sdb] Write Protect is off
[    4.696446] sd 2:0:1:0: [sdb] Incomplete mode parameter data
[    4.698000] sd 2:0:1:0: [sdb] Assuming drive cache: write through
[    4.699663] sd 2:0:0:0: [sda] Incomplete mode parameter data
[    4.701304] sd 2:0:0:0: [sda] Assuming drive cache: write through
[    4.712417]  sda: sda1
[    4.715048] sd 2:0:1:0: [sdb] Attached SCSI disk
[    4.717974] sd 2:0:0:0: [sda] Attached SCSI disk
[    5.091184] e1000 0000:00:08.0 eth1: (PCI:33MHz:32-bit) 08:00:27:3b:94:0b
[    5.093641] e1000 0000:00:08.0 eth1: Intel(R) PRO/1000 Network Connection
[    5.097597] e1000 0000:00:03.0 enp0s3: renamed from eth0
[    5.122171] e1000 0000:00:08.0 enp0s8: renamed from eth1
Begin: Loading essential drivers ... [    5.352222] raid6: sse2x1   gen()  2495 MB/s
[    5.404206] raid6: sse2x1   xor()  1715 MB/s
[    5.452093] raid6: sse2x2   gen() 10111 MB/s
[    5.500084] raid6: sse2x2   xor()  6701 MB/s
[    5.548096] raid6: sse2x4   gen() 11557 MB/s
[    5.596084] raid6: sse2x4   xor()  7211 MB/s
[    5.644108] raid6: avx2x1   gen() 11967 MB/s
[    5.692087] raid6: avx2x1   xor() 11480 MB/s
[    5.740163] raid6: avx2x2   gen() 19176 MB/s
[    5.788134] raid6: avx2x2   xor() 11626 MB/s
[    5.836277] raid6: avx2x4   gen() 19268 MB/s
[    5.884518] raid6: avx2x4   xor() 13327 MB/s
[    5.885755] raid6: using algorithm avx2x4 gen() 19268 MB/s
[    5.887552] raid6: .... xor() 13327 MB/s, rmw enabled
[    5.889599] raid6: using avx2x2 recovery algorithm
[    5.893842] xor: automatically using best checksumming function   avx       
[    5.898495] async_tx: api initialized (async)
done.
Begin: Running /scripts/init-premount ... done.
Begin: Mounting root file system ... Begin: Running /scripts/local-top ... done.
Begin: Running /scripts/local-premount ... [    5.969951] Btrfs loaded, crc32c=crc32c-intel
Scanning for Btrfs filesystems
done.
Warning: fsck not present, so skipping root file system
[    6.016342] EXT4-fs (sda1): mounted filesystem with ordered data mode. Opts: (null)
done.
Begin: Running /scripts/local-bottom ... done.
Begin: Running /scripts/init-bottom ... done.
[    6.328575] ip_tables: (C) 2000-2006 Netfilter Core Team
[    6.343789] systemd[1]: systemd 237 running in system mode. (+PAM +AUDIT +SELINUX +IMA +APPARMOR +SMACK +SYSVINIT +UTMP +LIBCRYPTSETUP +GCRYPT +GNUTLS +ACL +XZ +LZ4 +SECCOMP +BLKID +ELFUTILS +KMOD -IDN2 +IDN -PCRE2 default-hierarchy=hybrid)
[    6.351055] systemd[1]: Detected virtualization oracle.
[    6.353382] systemd[1]: Detected architecture x86-64.

Welcome to [1mUbuntu 18.04.2 LTS[0m!

[    6.366437] systemd[1]: Set hostname to <ubuntu-bionic>.
[    6.857131] systemd[1]: Reached target User and Group Name Lookups.
[[0;32m  OK  [0m] Reached target User and Group Name Lookups.
[    6.860857] systemd[1]: Reached target System Time Synchronized.
[[0;32m  OK  [0m] Reached target System Time Synchronized.
[    6.865002] systemd[1]: Set up automount Arbitrary Executable File Formats File System Automount Point.
[[0;32m  OK  [0m] Set up automount Arbitrary Executabâ€¦rmats File System Automount Point.
[    6.870883] systemd[1]: Reached target Swap.
[[0;32m  OK  [0m] Reached target Swap.
[    6.877527] systemd[1]: Created slice System Slice.
[[0;32m  OK  [0m] Created slice System Slice.
[    6.880051] systemd[1]: Listening on Journal Socket (/dev/log).
[[0;32m  OK  [0m] Listening on Journal Socket (/dev/log).
[[0;32m  OK  [0m] Listening on LVM2 metadata daemon socket.
[[0;32m  OK  [0m] Listening on Journal Audit Socket.
[[0;32m  OK  [0m] Listening on Journal Socket.
         Mounting Kernel Debug File System...
         Starting Uncomplicated firewall...
[[0;32m  OK  [0m] Listening on Network Service Netlink Socket.
         Mounting Huge Pages File System...
[[0;32m  OK  [0m] Listening on udev Kernel Socket.
[[0;32m  OK  [0m] Listening on Device-mapper event daemon FIFOs.
[[0;32m  OK  [0m] Created slice system-serial\x2dgetty.slice.
[[0;32m  OK  [0m] Listening on Syslog Socket.
         Starting Create list of required stâ€¦ce nodes for the current kernel...
         Starting Set the console keyboard layout...
         Starting Monitoring of LVM2 mirrorsâ€¦ng dmeventd or progress polling...
[[0;32m  OK  [0m] Created slice system-postgresql.slice.
         Starting Remount Root and Kernel File Systems...
         Mounting POSIX Message Queue File System...
[    6.976978] EXT4-fs (sda1): re-mounted. Opts: (null)
         Starting Load Kernel Modules...
[[0;32m  OK  [0m] Listening on /dev/initctl Compatibility Named Pipe.
         Starting Journal Service...
[[0;32m  OK  [0m] Created slice User and Session Slice.
[[0;32m  OK  [0m] Reached target Slices.
[[0;32m  OK  [0m] Listening on udev Control Socket.
         Starting udev Coldplug all Devices...
[[0;32m  OK  [0m] Started Forward Password Requests to Wall Directory Watch.
[[0;32m  OK  [0m] Listening on LVM2 poll daemon socket.
[[0;32m  OK  [0m] Mounted Kernel Debug File System.
[[0;32m  OK  [0m] Started Uncomplicated firewall.
[[0;32m  OK  [0m] Mounted Huge Pages File System.
[[0;32m  OK  [0m] Started Create list of required staâ€¦vice nodes for the current kernel.
[[0;32m  OK  [0m] Started Remount Root and Kernel File Systems.
[[0;32m  OK  [0m] Mounted POSIX Message Queue File System.
[    7.080310] Loading iSCSI transport class v2.0-870.
[[0;32m  OK  [0m] Started LVM2 metadata daemon.
         Starting Load/Save Random Seed...
[    7.102298] iscsi: registered transport (tcp)
[    7.127675] iscsi: registered transport (iser)
         Starting Create Static Device Nodes in /dev...
[[0;32m  OK  [0m] Started Journal Service.
[[0;32m  OK  [0m] Started Load Kernel Modules.
[[0;32m  OK  [0m] Started udev Coldplug all Devices.
[[0;32m  OK  [0m] Started Load/Save Random Seed.
         Mounting Kernel Configuration File System...
         Starting Apply Kernel Variables...
         Mounting FUSE Control File System...
         Starting Flush Journal to Persistent Storage...
[[0;32m  OK  [0m] Mounted Kernel Configuration File System.
[[0;32m  OK  [0m] Mounted FUSE Control File System.
[[0;32m  OK  [0m] Started Monitoring of LVM2 mirrors,â€¦sing dmeventd or progress polling.
[[0;32m  OK  [0m] Started Apply Kernel Variables.
[[0;32m  OK  [0m] Started Create Static Device Nodes in /dev.
         Starting udev Kernel Device Manager...
[[0;32m  OK  [0m] Started Set the console keyboard layout.
[[0;32m  OK  [0m] Reached target Local File Systems (Pre).
         Mounting Mount unit for lxd, revision 11824...
[[0;32m  OK  [0m] Reached target Local File Systems.
         Starting Tell Plymouth To Write Out Runtime Data...
         Starting ebtables ruleset management...
         Starting AppArmor initialization...
         Starting Set console font and keymap...
         Mounting Mount unit for core, revision 7396...
[[0;32m  OK  [0m] Started udev Kernel Device Manager.
[[0;32m  OK  [0m] Started Set console font and keymap.
[[0;32m  OK  [0m] Started Dispatch Password Requests to Console Directory Watch.
[[0;32m  OK  [0m] Reached target Local Encrypted Volumes.
[[0;32m  OK  [0m] Started Flush Journal to Persistent Storage.
         Starting Create Volatile Files and Directories...
[[0;32m  OK  [0m] Started Tell Plymouth To Write Out Runtime Data.
[[0;32m  OK  [0m] Mounted Mount unit for lxd, revision 11824.
[[0;32m  OK  [0m] Mounted Mount unit for core, revision 7396.
[[0;32m  OK  [0m] Started Create Volatile Files and Directories.
         Starting Update UTMP about System Boot/Shutdown...
[[0;32m  OK  [0m] Started Update UTMP about System Boot/Shutdown.
[[0;32m  OK  [0m] Started ebtables ruleset management.
[[0;32m  OK  [0m] Found device /dev/ttyS0.
[[0;32m  OK  [0m] Listening on Load/Save RF Kill Switch Status /dev/rfkill Watch.
[[0;32m  OK  [0m] Started AppArmor initialization.
         Starting Initial cloud-init job (pre-networking)...
[    9.912584] cloud-init[561]: Cloud-init v. 19.1-1-gbaa47854-0ubuntu1~18.04.1 running 'init-local' at Thu, 12 Sep 2019 20:33:06 +0000. Up 9.63 seconds.
[[0;32m  OK  [0m] Started Initial cloud-init job (pre-networking).
[[0;32m  OK  [0m] Reached target Network (Pre).
         Starting Network Service...
[[0;32m  OK  [0m] Started Network Service.
         Starting Wait for Network to be Configured...
         Starting Network Name Resolution...
[[0;32m  OK  [0m] Started Network Name Resolution.
[[0;32m  OK  [0m] Reached target Host and Network Name Lookups.
[[0;32m  OK  [0m] Reached target Network.
[[0;32m  OK  [0m] Started Wait for Network to be Configured.
         Starting Initial cloud-init job (metadata service crawler)...
[   13.279786] cloud-init[751]: Cloud-init v. 19.1-1-gbaa47854-0ubuntu1~18.04.1 running 'init' at Thu, 12 Sep 2019 20:33:09 +0000. Up 12.87 seconds.
[   13.291623] cloud-init[751]: ci-info: ++++++++++++++++++++++++++++++++++++++Net device info+++++++++++++++++++++++++++++++++++++++
[   13.301229] cloud-init[751]: ci-info: +--------+-------+----------------------------+---------------+--------+-------------------+
[   13.307763] cloud-init[751]: ci-info: | Device |   Up  |          Address           |      Mask     | Scope  |     Hw-Address    |
[   13.313793] cloud-init[751]: ci-info: +--------+-------+----------------------------+---------------+--------+-------------------+
[   13.319552] cloud-init[751]: ci-info: | enp0s3 |  True |         10.0.2.15          | 255.255.255.0 | global | 02:d7:32:1c:b3:7c |
[   13.324847] cloud-init[751]: ci-info: | enp0s3 |  True | fe80::d7:32ff:fe1c:b37c/64 |       .       |  link  | 02:d7:32:1c:b3:7c |
[   13.330983] cloud-init[751]: ci-info: | enp0s8 | False |             .              |       .       |   .    | 08:00:27:3b:94:0b |
[   13.336569] cloud-init[751]: ci-info: |   lo   |  True |         127.0.0.1          |   255.0.0.0   |  host  |         .         |
[   13.342095] cloud-init[751]: ci-info: |   lo   |  True |          ::1/128           |       .       |  host  |         .         |
[   13.347456] cloud-init[751]: ci-info: +--------+-------+----------------------------+---------------+--------+-------------------+
[   13.354374] cloud-init[751]: ci-info: ++++++++++++++++++++++++++++Route IPv4 info+++++++++++++++++++++++++++++
[   13.358459] cloud-init[751]: ci-info: +-------+-------------+----------+-----------------+-----------+-------+
[   13.360797] cloud-init[751]: ci-info: | Route | Destination | Gateway  |     Genmask     | Interface | Flags |
[   13.364024] cloud-init[751]: ci-info: +-------+-------------+----------+-----------------+-----------+-------+
[   13.367025] cloud-init[751]: ci-info: |   0   |   0.0.0.0   | 10.0.2.2 |     0.0.0.0     |   enp0s3  |   UG  |
[   13.370648] cloud-init[751]: ci-info: |   1   |   10.0.2.0  | 0.0.0.0  |  255.255.255.0  |   enp0s3  |   U   |
[   13.374108] cloud-init[751]: ci-info: |   2   |   10.0.2.2  | 0.0.0.0  | 255.255.255.255 |   enp0s3  |   UH  |
[   13.377553] cloud-init[751]: ci-info: +-------+-------------+----------+-----------------+-----------+-------+
[   13.381476] cloud-init[751]: ci-info: +++++++++++++++++++Route IPv6 info+++++++++++++++++++
[   13.386570] cloud-init[751]: ci-info: +-------+-------------+---------+-----------+-------+
[   13.389253] cloud-init[751]: ci-info: | Route | Destination | Gateway | Interface | Flags |
[   13.392583] cloud-init[751]: ci-info: +-------+-------------+---------+-----------+-------+
[   13.395415] cloud-init[751]: ci-info: |   1   |  fe80::/64  |    ::   |   enp0s3  |   U   |
[   13.399057] cloud-init[751]: ci-info: |   3   |    local    |    ::   |   enp0s3  |   U   |
[   13.402205] cloud-init[751]: ci-info: |   4   |   ff00::/8  |    ::   |   enp0s3  |   U   |
[   13.405210] cloud-init[751]: ci-info: +-------+-------------+---------+-----------+-------+
[[0;32m  OK  [0m] Started Initial cloud-init job (metadata service crawler).
[[0;32m  OK  [0m] Reached target System Initialization.
         Starting LXD - unix socket.
[[0;32m  OK  [0m] Started Daily apt download activities.
[[0;32m  OK  [0m] Started ACPI Events Check.
[[0;32m  OK  [0m] Started Daily apt upgrade and clean activities.
[[0;32m  OK  [0m] Started Discard unused blocks once a week.
[[0;32m  OK  [0m] Started Message of the Day.
[[0;32m  OK  [0m] Listening on Open-iSCSI iscsid Socket.
[[0;32m  OK  [0m] Listening on UUID daemon activation socket.
[[0;32m  OK  [0m] Listening on Socket unix for snap application lxd.daemon.
[[0;32m  OK  [0m] Reached target Paths.
[[0;32m  OK  [0m] Listening on D-Bus System Message Bus Socket.
[[0;32m  OK  [0m] Listening on ACPID Listen Socket.
[[0;32m  OK  [0m] Started Daily Cleanup of Temporary Directories.
[[0;32m  OK  [0m] Reached target Timers.
         Starting Socket activation for snappy daemon.
[[0;32m  OK  [0m] Reached target Network is Online.
         Starting Availability of block devices...
[[0;32m  OK  [0m] Reached target Remote File Systems (Pre).
[[0;32m  OK  [0m] Reached target Remote File Systems.
[[0;32m  OK  [0m] Reached target Cloud-config availability.
[[0;32m  OK  [0m] Listening on LXD - unix socket.
[[0;32m  OK  [0m] Listening on Socket activation for snappy daemon.
[[0;32m  OK  [0m] Started Availability of block devices.
[[0;32m  OK  [0m] Reached target Sockets.
[[0;32m  OK  [0m] Reached target Basic System.
         Starting PostgreSQL Cluster 10-main...
         Starting Login Service...
         Starting vboxadd.service...
         Starting Service for snap application lxd.activate...
         Starting Snappy daemon...
[[0;32m  OK  [0m] Started Deferred execution scheduler.
         Starting System Logging Service...
[[0;32m  OK  [0m] Started D-Bus System Message Bus.
[[0;32m  OK  [0m] Started Login Service.
         Starting Permit User Sessions...
[[0;32m  OK  [0m] Started irqbalance daemon.
[[0;32m  OK  [0m] Started Regular background program processing daemon.
         Starting LSB: Record successful boot for GRUB...
         Starting OpenBSD Secure Shell server...
         Starting LXD - container startup/shutdown...
[[0;32m  OK  [0m] Started Unattended Upgrades Shutdown.
         Starting Dispatcher daemon for systemd-networkd...
[[0;32m  OK  [0m] Started FUSE filesystem for LXC.
         Starting LSB: automatic crash report generation...
         Starting Resets System Activity Data Collector...
[[0;32m  OK  [0m] Started "Matrix Synapse Server (synapse)".
         Starting Accounts Service...
[[0;32m  OK  [0m] Started System Logging Service.
[[0;32m  OK  [0m] Started Permit User Sessions.
         Starting Hold until boot process finishes up...
         Starting Terminate Plymouth Boot Screen...
[[0;32m  OK  [0m] Started Hold until boot process finishes up.
[[0;32m  OK  [0m] Started Terminate Plymouth Boot Screen.
[[0;32m  OK  [0m] Started Serial Getty on ttyS0.
         Starting Set console scheme...
[[0;32m  OK  [0m] Started Resets System Activity Data Collector.
[[0;32m  OK  [0m] Started Set console scheme.
[[0;32m  OK  [0m] Created slice system-getty.slice.
[[0;32m  OK  [0m] Started Getty on tty1.
[[0;32m  OK  [0m] Reached target Login Prompts.
[[0;32m  OK  [0m] Started LSB: automatic crash report generation.
[[0;32m  OK  [0m] Started LSB: Record successful boot for GRUB.
[[0;32m  OK  [0m] Started OpenBSD Secure Shell server.
         Starting Authorization Manager...
[[0;32m  OK  [0m] Started Authorization Manager.
[[0;32m  OK  [0m] Started Accounts Service.
[[0;32m  OK  [0m] Created slice User Slice of vagrant.
         Starting User Manager for UID 1000...
[[0;32m  OK  [0m] Started Session 1 of user vagrant.
[[0;32m  OK  [0m] Started Dispatcher daemon for systemd-networkd.
[[0;32m  OK  [0m] Started User Manager for UID 1000.
[[0;32m  OK  [0m] Started Snappy daemon.
         Starting Wait until snapd is fully seeded...
[[0;32m  OK  [0m] Started Wait until snapd is fully seeded.
         Starting Apply the settings specified in cloud-config...
[[0;32m  OK  [0m] Started LXD - container startup/shutdown.
[[0;32m  OK  [0m] Started Service for snap application lxd.activate.
[   18.929195] cloud-init[1223]: Cloud-init v. 19.1-1-gbaa47854-0ubuntu1~18.04.1 running 'modules:config' at Thu, 12 Sep 2019 20:33:15 +0000. Up 18.64 seconds.
[[0;32m  OK  [0m] Started Apply the settings specified in cloud-config.
[[0;32m  OK  [0m] Started vboxadd.service.
         Starting vboxadd-service.service...

Ubuntu 18.04.2 LTS ubuntu-bionic ttyS0

ubuntu-bionic login: [   21.023203] cloud-init[1483]: Cloud-init v. 19.1-1-gbaa47854-0ubuntu1~18.04.1 running 'modules:final' at Thu, 12 Sep 2019 20:33:17 +0000. Up 20.66 seconds.
[   21.023353] cloud-init[1483]: Cloud-init v. 19.1-1-gbaa47854-0ubuntu1~18.04.1 finished at Thu, 12 Sep 2019 20:33:17 +0000. Datasource DataSourceNoCloud [seed=/dev/sdb][dsmode=net].  Up 21.01 seconds
[[0;32m  OK  [0m] Stopped target Timers.
         Stopping Availability of block devices...
[[0;32m  OK  [0m] Stopped target Graphical Interface.
[[0;32m  OK  [0m] Stopped Discard unused blocks once a week.
[[0;32m  OK  [0m] Stopped Daily apt upgrade and clean activities.
[[0;32m  OK  [0m] Stopped target Cloud-init target.
[[0;32m  OK  [0m] Stopped Daily Cleanup of Temporary Directories.
         Stopping Accounts Service...
[[0;32m  OK  [0m] Closed Load/Save RF Kill Switch Status /dev/rfkill Watch.
[[0;32m  OK  [0m] Stopped Message of the Day.
[[0;32m  OK  [0m] Stopped target Host and Network Name Lookups.
         Stopping Authorization Manager...
         Stopping "Matrix Synapse Server (synapse)"...
[[0;32m  OK  [0m] Stopped Daily apt download activities.
[[0;32m  OK  [0m] Stopped target System Time Synchronized.
[[0;32m  OK  [0m] Stopped Execute cloud user/final scripts.
[[0;32m  OK  [0m] Stopped target Multi-User System.
         Stopping irqbalance daemon...
         Stopping System Logging Service...
         Stopping LSB: Record successful boot for GRUB...
         Stopping LXD - container startup/shutdown...
[[0;32m  OK  [0m] Stopped PostgreSQL RDBMS.
         Stopping PostgreSQL Cluster 10-main...
         Stopping Deferred execution scheduler...
         Stopping Login Service...
         Stopping FUSE filesystem for LXC...
[[0;32m  OK  [0m] Stopped target Login Prompts.
         Stopping Serial Getty on ttyS0...
         Stopping Getty on tty1...
         Stopping D-Bus System Message Bus...
         Stopping vboxadd-service.service...
         Stopping Dispatcher daemon for systemd-networkd...
[[0;32m  OK  [0m] Stopped Resets System Activity Data Collector.
         Stopping Regular background program processing daemon...
[[0;32m  OK  [0m] Stopped Apply the settings specified in cloud-config.
[[0;32m  OK  [0m] Stopped Wait until snapd is fully seeded.
         Stopping Snappy daemon...
[[0;32m  OK  [0m] Stopped target Network is Online.
[[0;32m  OK  [0m] Stopped target Cloud-config availability.
         Stopping LSB: automatic crash report generation...
         Stopping OpenBSD Secure Shell server...
[[0;32m  OK  [0m] Unmounted /var/lib/lxcfs.
[[0;32m  OK  [0m] Stopped Snappy daemon.
[[0;32m  OK  [0m] Stopped Deferred execution scheduler.
[[0;32m  OK  [0m] Stopped System Logging Service.
[[0;32m  OK  [0m] Stopped irqbalance daemon.
[[0;32m  OK  [0m] Stopped Regular background program processing daemon.
[[0;32m  OK  [0m] Stopped Dispatcher daemon for systemd-networkd.
[[0;32m  OK  [0m] Stopped Accounts Service.
[[0;32m  OK  [0m] Stopped Serial Getty on ttyS0.
[[0;32m  OK  [0m] Stopped Login Service.
[[0;32m  OK  [0m] Stopped Getty on tty1.
[[0;32m  OK  [0m] Stopped OpenBSD Secure Shell server.
[[0;32m  OK  [0m] Stopped Authorization Manager.
[[0;32m  OK  [0m] Stopped D-Bus System Message Bus.
[[0;32m  OK  [0m] Stopped FUSE filesystem for LXC.
[[0;32m  OK  [0m] Removed slice system-getty.slice.
         Stopping Permit User Sessions...
[[0;32m  OK  [0m] Removed slice system-serial\x2dgetty.slice.
         Unmounting Mount unit for core, revision 7396...
[[0;32m  OK  [0m] Stopped Permit User Sessions.
[[0;32m  OK  [0m] Stopped target User and Group Name Lookups.
[[0;32m  OK  [0m] Stopped target Network.
         Stopping Network Name Resolution...
[[0;32m  OK  [0m] Stopped LXD - container startup/shutdown.
[[0;32m  OK  [0m] Stopped LSB: automatic crash report generation.
[[0;32m  OK  [0m] Stopped target Remote File Systems.
[[0;32m  OK  [0m] Stopped target Remote File Systems (Pre).
[[0;32m  OK  [0m] Stopped Network Name Resolution.
[[0;32m  OK  [0m] Stopped LSB: Record successful boot for GRUB.
[[0;32m  OK  [0m] Unmounted Mount unit for core, revision 7396.
         Stopping Network Service...
[[0;32m  OK  [0m] Stopped Availability of block devices.
[[0;32m  OK  [0m] Stopped vboxadd-service.service.
         Stopping vboxadd.service...
[[0;32m  OK  [0m] Stopped Network Service.
[[0;32m  OK  [0m] Stopped target Network (Pre).
[[0;32m  OK  [0m] Unmounted /vagrant.
[[0;32m  OK  [0m] Stopped vboxadd.service.
[[0;32m  OK  [0m] Stopped PostgreSQL Cluster 10-main.
[[0;32m  OK  [0m] Removed slice system-postgresql.slice.
[[0;32m  OK  [0m] Stopped "Matrix Synapse Server (synapse)".
[[0;32m  OK  [0m] Stopped target Basic System.
[[0;32m  OK  [0m] Stopped target Slices.
[[0;32m  OK  [0m] Removed slice User and Session Slice.
[[0;32m  OK  [0m] Stopped target Sockets.
[[0;32m  OK  [0m] Closed LXD - unix socket.
[[0;32m  OK  [0m] Closed Socket activation for snappy daemon.
[[0;32m  OK  [0m] Closed Socket unix for snap application lxd.daemon.
         Unmounting Mount unit for lxd, revision 11824...
[[0;32m  OK  [0m] Closed D-Bus System Message Bus Socket.
[[0;32m  OK  [0m] Closed ACPID Listen Socket.
[[0;32m  OK  [0m] Closed UUID daemon activation socket.
[[0;32m  OK  [0m] Closed Open-iSCSI iscsid Socket.
[[0;32m  OK  [0m] Closed Syslog Socket.
[[0;32m  OK  [0m] Stopped target Paths.
[[0;32m  OK  [0m] Stopped ACPI Events Check.
[[0;32m  OK  [0m] Stopped target System Initialization.
         Stopping Load/Save Random Seed...
[[0;32m  OK  [0m] Stopped Apply Kernel Variables.
[[0;32m  OK  [0m] Stopped Load Kernel Modules.
         Stopping Update UTMP about System Boot/Shutdown...
[[0;32m  OK  [0m] Stopped target Local Encrypted Volumes.
[[0;32m  OK  [0m] Stopped Forward Password Requests to Wall Directory Watch.
[[0;32m  OK  [0m] Stopped Dispatch Password Requests to Console Directory Watch.
[[0;32m  OK  [0m] Stopped Initial cloud-init job (metadata service crawler).
[[0;32m  OK  [0m] Stopped Initial cloud-init job (pre-networking).
[[0;32m  OK  [0m] Unmounted Mount unit for lxd, revision 11824.
[[0;32m  OK  [0m] Stopped Load/Save Random Seed.
[[0;32m  OK  [0m] Stopped Update UTMP about System Boot/Shutdown.
[[0;32m  OK  [0m] Stopped Create Volatile Files and Directories.
[[0;32m  OK  [0m] Stopped target Local File Systems.
         Unmounting /run/snapd/ns/lxd.mnt...
[[0;32m  OK  [0m] Unmounted /run/snapd/ns/lxd.mnt.
         Unmounting /run/snapd/ns...
[[0;32m  OK  [0m] Unmounted /run/snapd/ns.
[[0;32m  OK  [0m] Reached target Unmount All Filesystems.
[[0;32m  OK  [0m] Stopped target Local File Systems (Pre).
[[0;32m  OK  [0m] Stopped Remount Root and Kernel File Systems.
[[0;32m  OK  [0m] Stopped Create Static Device Nodes in /dev.
         Stopping Monitoring of LVM2 mirrorsâ€¦ng dmeventd or progress polling...
[[0;32m  OK  [0m] Stopped target Swap.
[[0;32m  OK  [0m] Reached target Shutdown.
[[0;32m  OK  [0m] Reached target Final Step.
         Starting Power-Off...
[[0;32m  OK  [0m] Stopped Monitoring of LVM2 mirrors,â€¦sing dmeventd or progress polling.
         Stopping LVM2 metadata daemon...
[[0;32m  OK  [0m] Stopped LVM2 metadata daemon.
[ 1187.529853] reboot: Power down
